[sites.google.com/view/rakorda/home.html]
[backblue.gif]
[fade.gif]
[index.html]
[apis.google.com/js/clientc932.js]
[sites.google.com/view/rakorda/tentang-kegiatan.html]
[sites.google.com/view/rakorda/form-pendaftaran.html]
[sites.google.com/view/rakorda/dashboard-peserta.html]
[sites.google.com/view/rakorda/materi.html]
[sites.google.com/view/rakorda/dokumentasi.html]
[sites.google.com/view/rakorda/rundown.html]
[sites.google.com/view/rakorda/notulensi.html]
[sites.google.com/view/rakorda/paparan-kabkota.html]
[sites.google.com/view/rakorda/home.html]
[sites.google.com/view/rakorda/tentang-kegiatan.html]
[sites.google.com/view/rakorda/form-pendaftaran.html]
[sites.google.com/view/rakorda/dashboard-peserta.html]
[sites.google.com/view/rakorda/materi.html]
[sites.google.com/view/rakorda/dokumentasi.html]
[sites.google.com/view/rakorda/rundown.html]
[sites.google.com/view/rakorda/notulensi.html]
[sites.google.com/view/rakorda/paparan-kabkota.html]
[sites.google.com/view/rakorda/dokumen-lainnya.html]
[sites.google.com/view/rakorda/dokumen-lainnya.html]
